root:$y$j9T$RQ2xAKlRs2IiL4MXMa72QLJP$66qGsKMGADcG5erxMYL1.P7dIpbZdvSpWSHaPmPyBl6::0:99999:7:::
bin:*:20047:0:99999:7:::
daemon:*:20047:0:99999:7:::
adm:*:20047:0:99999:7:::
lp:*:20047:0:99999:7:::
sync:*:20047:0:99999:7:::
shutdown:*:20047:0:99999:7:::
halt:*:20047:0:99999:7:::
mail:*:20047:0:99999:7:::
operator:*:20047:0:99999:7:::
games:*:20047:0:99999:7:::
ftp:*:20047:0:99999:7:::
nobody:*:20047:0:99999:7:::
dbus:!!:20718::::::
rtkit:!!:20718::::::
geoclue:!!:20718::::::
pipewire:!!:20718::::::
tss:!!:20718::::::
systemd-oom:!*:20718::::::
systemd-resolve:!*:20718::::::
polkitd:!!:20718::::::
avahi:!!:20718::::::
colord:!!:20718::::::
postfix:!!:20718::::::
sshd:!!:20718::::::
gluster:!!:20718::::::
rpc:!!:20718:0:99999:7:::
unbound:!!:20718::::::
openvpn:!!:20718::::::
nm-openvpn:!!:20718::::::
sddm:!!:20718::::::
chrony:!!:20718::::::
dnsmasq:!!:20718::::::
nslcd:!!:20718::::::
tcpdump:!!:20718::::::
nm-openconnect:!*:20718::::::
systemd-coredump:!*:20718::::::
systemd-timesync:!*:20718::::::
vboxadd:!*:20718::::::
admin:$y$j9T$LYpfaJadOZmSnB6m6f766gNV$Aagikb9VKTY3cSr0pJNw.twd7CM7C6utg0S5YPDALA5::0:99999:7:::
user1:$y$j9T$2QkhrvERQQROaEeACppw9/$4Vn2MpOXrHm1jlCjceEwTEtb4/nMv3fMCzgN5GtdMU2:20718:0:90:7:::
